[    6143ms] [ERROR] Refused to get unsafe header "X-Sg-Cs" @ https://www.google.com/search?q=1+bitcoin+ka%C3%A7+tl&rlz=1C5CHFA_enTR1132TR1133&oq=1+bitcoin+k&gs_lcrp=EgZjaHJvbWUqBwgAEAAYgAQyBwgAEAAYgAQyBwgBEAAYgAQyBggCEEUYOTIHCAMQABiABDIHCAQQABiABDIHCAUQABiABDIHCAYQABiABDIHCAcQABiABDIHCAgQABiABDIHCAkQABiABKgCALACAA&sourceid=chrome&ie=UTF-8&sei=nhc4aqLzC5v_7_UPlu-EiAk:43
[    6143ms] [ERROR] Refused to get unsafe header "X-Sorry-Redirect" @ https://www.google.com/search?q=1+bitcoin+ka%C3%A7+tl&rlz=1C5CHFA_enTR1132TR1133&oq=1+bitcoin+k&gs_lcrp=EgZjaHJvbWUqBwgAEAAYgAQyBwgAEAAYgAQyBwgBEAAYgAQyBggCEEUYOTIHCAMQABiABDIHCAQQABiABDIHCAUQABiABDIHCAYQABiABDIHCAcQABiABDIHCAgQABiABDIHCAkQABiABKgCALACAA&sourceid=chrome&ie=UTF-8&sei=nhc4aqLzC5v_7_UPlu-EiAk:43
[    6179ms] [ERROR] Refused to get unsafe header "X-Sg-Cs" @ https://www.google.com/search?q=1+bitcoin+ka%C3%A7+tl&rlz=1C5CHFA_enTR1132TR1133&oq=1+bitcoin+k&gs_lcrp=EgZjaHJvbWUqBwgAEAAYgAQyBwgAEAAYgAQyBwgBEAAYgAQyBggCEEUYOTIHCAMQABiABDIHCAQQABiABDIHCAUQABiABDIHCAYQABiABDIHCAcQABiABDIHCAgQABiABDIHCAkQABiABKgCALACAA&sourceid=chrome&ie=UTF-8&sei=nhc4aqLzC5v_7_UPlu-EiAk:43
[    6180ms] [ERROR] Refused to get unsafe header "X-Sorry-Redirect" @ https://www.google.com/search?q=1+bitcoin+ka%C3%A7+tl&rlz=1C5CHFA_enTR1132TR1133&oq=1+bitcoin+k&gs_lcrp=EgZjaHJvbWUqBwgAEAAYgAQyBwgAEAAYgAQyBwgBEAAYgAQyBggCEEUYOTIHCAMQABiABDIHCAQQABiABDIHCAUQABiABDIHCAYQABiABDIHCAcQABiABDIHCAgQABiABDIHCAkQABiABKgCALACAA&sourceid=chrome&ie=UTF-8&sei=nhc4aqLzC5v_7_UPlu-EiAk:43
[    7066ms] [ERROR] Refused to get unsafe header "X-Sg-Cs" @ https://www.google.com/search?q=1+bitcoin+ka%C3%A7+tl&rlz=1C5CHFA_enTR1132TR1133&oq=1+bitcoin+k&gs_lcrp=EgZjaHJvbWUqBwgAEAAYgAQyBwgAEAAYgAQyBwgBEAAYgAQyBggCEEUYOTIHCAMQABiABDIHCAQQABiABDIHCAUQABiABDIHCAYQABiABDIHCAcQABiABDIHCAgQABiABDIHCAkQABiABKgCALACAA&sourceid=chrome&ie=UTF-8&sei=nhc4aqLzC5v_7_UPlu-EiAk:43
[    7066ms] [ERROR] Refused to get unsafe header "X-Sorry-Redirect" @ https://www.google.com/search?q=1+bitcoin+ka%C3%A7+tl&rlz=1C5CHFA_enTR1132TR1133&oq=1+bitcoin+k&gs_lcrp=EgZjaHJvbWUqBwgAEAAYgAQyBwgAEAAYgAQyBwgBEAAYgAQyBggCEEUYOTIHCAMQABiABDIHCAQQABiABDIHCAUQABiABDIHCAYQABiABDIHCAcQABiABDIHCAgQABiABDIHCAkQABiABKgCALACAA&sourceid=chrome&ie=UTF-8&sei=nhc4aqLzC5v_7_UPlu-EiAk:43
[   11256ms] Uncaught Error: Minified React error #418; visit https://react.dev/errors/418?args[]= for the full message or use the non-minified dev environment for full errors and additional helpful warnings.
    at rT (https://cdn.investing.com/x/86982e7/_next/static/chunks/framework-f8d751c8da87b5be.js:0:114641)
    at oB (https://cdn.investing.com/x/86982e7/_next/static/chunks/framework-f8d751c8da87b5be.js:0:163901)
    at sc (https://cdn.investing.com/x/86982e7/_next/static/chunks/framework-f8d751c8da87b5be.js:0:192398)
    at <anonymous> (https://cdn.investing.com/x/86982e7/_next/static/chunks/framework-f8d751c8da87b5be.js:0:192243)
    at su (https://cdn.investing.com/x/86982e7/_next/static/chunks/framework-f8d751c8da87b5be.js:0:192251)
    at i7 (https://cdn.investing.com/x/86982e7/_next/static/chunks/framework-f8d751c8da87b5be.js:0:188681)
    at sB (https://cdn.investing.com/x/86982e7/_next/static/chunks/framework-f8d751c8da87b5be.js:0:209923)
    at _ (https://cdn.investing.com/x/86982e7/_next/static/chunks/framework-f8d751c8da87b5be.js:0:257509)
[   11415ms] [ERROR] Not signed in with the identity provider. @ https://tr.investing.com/crypto/bitcoin:0
[   12994ms] [ERROR] Access to fetch at 'https://prebid.smilewanted.com/' from origin 'https://tr.investing.com' has been blocked by CORS policy: The value of the 'Access-Control-Allow-Origin' header in the response must not be the wildcard '*' when the request's credentials mode is 'include'. @ https://tr.investing.com/crypto/bitcoin:0
[   12994ms] [ERROR] Failed to load resource: net::ERR_FAILED @ https://prebid.smilewanted.com/:0
[   12996ms] [ERROR] Access to fetch at 'https://prebid.smilewanted.com/' from origin 'https://tr.investing.com' has been blocked by CORS policy: The value of the 'Access-Control-Allow-Origin' header in the response must not be the wildcard '*' when the request's credentials mode is 'include'. @ https://tr.investing.com/crypto/bitcoin:0
[   12996ms] [ERROR] Failed to load resource: net::ERR_FAILED @ https://prebid.smilewanted.com/:0
[   13244ms] [ERROR] Failed to load resource: the server responded with a status of 400 () @ https://ups.analytics.yahoo.com/ups/58813/fed?gpp_sid=-1&v=1&url=https%3A%2F%2Ftr.investing.com%2Fcrypto%2Fbitcoin:0
[   14532ms] [ERROR] Attestation check for Shared Storage on https://www.googleadservices.com failed. @ https://www.googleadservices.com/pagead/managed/js/activeview/current/reach_worklet.html:0
[   14537ms] [ERROR] Attestation check for Shared Storage on https://www.googleadservices.com failed. @ https://www.googleadservices.com/pagead/managed/js/activeview/current/reach_worklet.html:0
[   14723ms] [ERROR] Access to fetch at 'https://ads.yieldmo.com/exchange/prebidvideo' from origin 'https://tr.investing.com' has been blocked by CORS policy: No 'Access-Control-Allow-Origin' header is present on the requested resource. @ https://tr.investing.com/crypto/bitcoin:0
[   14723ms] [ERROR] Failed to load resource: net::ERR_FAILED @ https://ads.yieldmo.com/exchange/prebidvideo:0
[   15197ms] [ERROR] Access to fetch at 'https://ads.yieldmo.com/exchange/prebidvideo' from origin 'https://tr.investing.com' has been blocked by CORS policy: No 'Access-Control-Allow-Origin' header is present on the requested resource. @ https://tr.investing.com/crypto/bitcoin:0
[   15197ms] [ERROR] Failed to load resource: net::ERR_FAILED @ https://ads.yieldmo.com/exchange/prebidvideo:0
[   15287ms] [ERROR] Failed to load resource: net::ERR_NAME_NOT_RESOLVED @ https://cs.lkqd.net/cs?partnerId=59&partnerUserId=CAESELipGi3BIC7xWXAr0JT7eCo&gdpr=0&google_cver=1:0
[   15287ms] [ERROR] Failed to load resource: net::ERR_NAME_NOT_RESOLVED @ https://cs.lkqd.net/cs?partnerId=59&redirect=https%3A%2F%2Fcm.g.doubleclick.net%2Fpixel%3Fgoogle_nid%3Dlkqd_dbm%26google_hm%3D%24%24rawlkqduserid%7Cbase64%24%24:0
[   14532ms] [ERROR] Attestation check for Shared Storage on https://www.googleadservices.com failed. @ https://www.googleadservices.com/pagead/managed/js/activeview/current/reach_worklet.html:0
[   14537ms] [ERROR] Attestation check for Shared Storage on https://www.googleadservices.com failed. @ https://www.googleadservices.com/pagead/managed/js/activeview/current/reach_worklet.html:0
[   15496ms] [ERROR] Attestation check for Shared Storage on https://www.googleadservices.com failed. @ https://www.googleadservices.com/pagead/managed/js/activeview/current/reach_worklet.html:0
[   17169ms] [ERROR] Failed to load resource: the server responded with a status of 400 (Bad Request) @ https://sync.adkernel.com/user-sync?zone=252325&gdpr=0&gdpr_consent=&us_privacy=&t=image&r=https%3A%2F%2Fittpx.eskimi.com%2Fsync%3Fdp_id%3D52%26gdpr%3D0%26gdpr_consent%3D%26us_privacy%3D%26user_id%3D%7BUID%7D:0
[   17216ms] [ERROR] Failed to load resource: the server responded with a status of 403 () @ chrome-error://chromewebdata/:0
[   17220ms] [ERROR] Refused to display 'https://csync-apac.smilewanted.com/' in a frame because it set 'X-Frame-Options' to 'sameorigin'. @ chrome-error://chromewebdata/:0
[   17386ms] [ERROR] Mixed Content: The page at 'https://tr.investing.com/crypto/bitcoin' was loaded over HTTPS, but requested an insecure frame 'http://sync.pmbmonetize.live/psync?t=s&e=247&gdpr=0&gdpr_consent=&us_privacy=&gpp=&gpp_sid=&cb=https%3A%2F%2Fcookies.nextmillmedia.com%2Fsetuid%3Fbidder%3Dadipolo%26nmuid%3D%26gdpr%3D0%26gdpr_consent%3D%26us_privacy%3D%26uid%3D%25USER_ID%25'. This request has been blocked; the content must be served over HTTPS. @ https://cookies.nextmillmedia.com/sync?gdpr=0&gdpr_consent=&us_privacy=&gpp=&gpp_sid=&type=iframe:40
[   18139ms] [ERROR] Refused to get unsafe header "X-Sg-Cs" @ https://www.google.com/search?q=1+bitcoin+ka%C3%A7+tl&rlz=1C5CHFA_enTR1132TR1133&oq=1+bitcoin+k&gs_lcrp=EgZjaHJvbWUqBwgAEAAYgAQyBwgAEAAYgAQyBwgBEAAYgAQyBggCEEUYOTIHCAMQABiABDIHCAQQABiABDIHCAUQABiABDIHCAYQABiABDIHCAcQABiABDIHCAgQABiABDIHCAkQABiABKgCALACAA&sourceid=chrome&ie=UTF-8&sei=nhc4aqLzC5v_7_UPlu-EiAk:43
[   18140ms] [ERROR] Refused to get unsafe header "X-Sorry-Redirect" @ https://www.google.com/search?q=1+bitcoin+ka%C3%A7+tl&rlz=1C5CHFA_enTR1132TR1133&oq=1+bitcoin+k&gs_lcrp=EgZjaHJvbWUqBwgAEAAYgAQyBwgAEAAYgAQyBwgBEAAYgAQyBggCEEUYOTIHCAMQABiABDIHCAQQABiABDIHCAUQABiABDIHCAYQABiABDIHCAcQABiABDIHCAgQABiABDIHCAkQABiABKgCALACAA&sourceid=chrome&ie=UTF-8&sei=nhc4aqLzC5v_7_UPlu-EiAk:43
[   18154ms] [ERROR] Refused to get unsafe header "X-Sg-Cs" @ https://www.google.com/search?q=1+bitcoin+ka%C3%A7+tl&rlz=1C5CHFA_enTR1132TR1133&oq=1+bitcoin+k&gs_lcrp=EgZjaHJvbWUqBwgAEAAYgAQyBwgAEAAYgAQyBwgBEAAYgAQyBggCEEUYOTIHCAMQABiABDIHCAQQABiABDIHCAUQABiABDIHCAYQABiABDIHCAcQABiABDIHCAgQABiABDIHCAkQABiABKgCALACAA&sourceid=chrome&ie=UTF-8&sei=nhc4aqLzC5v_7_UPlu-EiAk:43
[   18154ms] [ERROR] Refused to get unsafe header "X-Sorry-Redirect" @ https://www.google.com/search?q=1+bitcoin+ka%C3%A7+tl&rlz=1C5CHFA_enTR1132TR1133&oq=1+bitcoin+k&gs_lcrp=EgZjaHJvbWUqBwgAEAAYgAQyBwgAEAAYgAQyBwgBEAAYgAQyBggCEEUYOTIHCAMQABiABDIHCAQQABiABDIHCAUQABiABDIHCAYQABiABDIHCAcQABiABDIHCAgQABiABDIHCAkQABiABKgCALACAA&sourceid=chrome&ie=UTF-8&sei=nhc4aqLzC5v_7_UPlu-EiAk:43
[   19111ms] [ERROR] Refused to get unsafe header "X-Sg-Cs" @ https://www.google.com/search?q=1+bitcoin+ka%C3%A7+tl&rlz=1C5CHFA_enTR1132TR1133&oq=1+bitcoin+k&gs_lcrp=EgZjaHJvbWUqBwgAEAAYgAQyBwgAEAAYgAQyBwgBEAAYgAQyBggCEEUYOTIHCAMQABiABDIHCAQQABiABDIHCAUQABiABDIHCAYQABiABDIHCAcQABiABDIHCAgQABiABDIHCAkQABiABKgCALACAA&sourceid=chrome&ie=UTF-8&sei=nhc4aqLzC5v_7_UPlu-EiAk:43
[   19111ms] [ERROR] Refused to get unsafe header "X-Sorry-Redirect" @ https://www.google.com/search?q=1+bitcoin+ka%C3%A7+tl&rlz=1C5CHFA_enTR1132TR1133&oq=1+bitcoin+k&gs_lcrp=EgZjaHJvbWUqBwgAEAAYgAQyBwgAEAAYgAQyBwgBEAAYgAQyBggCEEUYOTIHCAMQABiABDIHCAQQABiABDIHCAUQABiABDIHCAYQABiABDIHCAcQABiABDIHCAgQABiABDIHCAkQABiABKgCALACAA&sourceid=chrome&ie=UTF-8&sei=nhc4aqLzC5v_7_UPlu-EiAk:43
[   22575ms] [ERROR] Not signed in with the identity provider. @ https://tr.tradingview.com/symbols/BTCUSD/:0
[   22580ms] [WARNING] <meta name="apple-mobile-web-app-capable" content="yes"> is deprecated. Please include <meta name="mobile-web-app-capable" content="yes"> @ https://tr.tradingview.com/symbols/BTCUSD/:0
